src/api/flowguardApi.ts(44,21): error TS2345: Argument of type 'string | undefined' is not assignable to parameter of type 'string'.
  Type 'undefined' is not assignable to type 'string'.
src/api/flowguardApi.ts(57,21): error TS2345: Argument of type 'string | undefined' is not assignable to parameter of type 'string'.
  Type 'undefined' is not assignable to type 'string'.
src/api/flowguardApi.ts(70,21): error TS2345: Argument of type 'string | undefined' is not assignable to parameter of type 'string'.
  Type 'undefined' is not assignable to type 'string'.
src/api/flowguardApi.ts(84,21): error TS2345: Argument of type 'string | undefined' is not assignable to parameter of type 'string'.
  Type 'undefined' is not assignable to type 'string'.
src/api/flowguardApi.ts(205,41): error TS2345: Argument of type 'string | undefined' is not assignable to parameter of type 'string | number | boolean'.
  Type 'undefined' is not assignable to type 'string | number | boolean'.
src/api/flowguardApi.ts(257,21): error TS2345: Argument of type 'string | undefined' is not assignable to parameter of type 'string'.
  Type 'undefined' is not assignable to type 'string'.
src/api/flowguardApi.ts(273,21): error TS2345: Argument of type 'string | undefined' is not assignable to parameter of type 'string'.
  Type 'undefined' is not assignable to type 'string'.
src/hooks/useFlashCredit.ts(14,27): error TS2554: Expected 2 arguments, but got 1.
src/navigation/AdminNavigator.tsx(17,47): error TS2322: Type 'FC<Props>' is not assignable to type 'ScreenComponentType<ParamListBase, "AdminOverview"> | undefined'.
  Type 'FunctionComponent<Props>' is not assignable to type 'FunctionComponent<{}>'.
    Types of parameters 'props' and 'props' are incompatible.
      Type '{}' is not assignable to type 'Props'.
src/navigation/AdminNavigator.tsx(18,42): error TS2322: Type 'FC<Props>' is not assignable to type 'ScreenComponentType<ParamListBase, "AdminWeb"> | undefined'.
  Type 'FunctionComponent<Props>' is not assignable to type 'FunctionComponent<{}>'.
    Types of parameters 'props' and 'props' are incompatible.
      Type '{}' is not assignable to type 'Props'.
src/navigation/AuthNavigator.tsx(24,46): error TS2322: Type 'FC<Props>' is not assignable to type 'ScreenComponentType<ParamListBase, string> | undefined'.
  Type 'FunctionComponent<Props>' is not assignable to type 'FunctionComponent<{}>'.
    Types of parameters 'props' and 'props' are incompatible.
      Type '{}' is not assignable to type 'Props'.
src/navigation/AuthNavigator.tsx(25,41): error TS2322: Type 'FC<Props>' is not assignable to type 'ScreenComponentType<ParamListBase, string> | undefined'.
  Type 'FunctionComponent<Props>' is not assignable to type 'FunctionComponent<{}>'.
    Types of parameters 'props' and 'props' are incompatible.
      Type '{}' is not assignable to type 'Props'.
src/navigation/AuthNavigator.tsx(26,44): error TS2322: Type 'FC<Props>' is not assignable to type 'ScreenComponentType<ParamListBase, string> | undefined'.
  Type 'FunctionComponent<Props>' is not assignable to type 'FunctionComponent<{}>'.
    Types of parameters 'props' and 'props' are incompatible.
      Type '{}' is not assignable to type 'Props'.
src/navigation/AuthNavigator.tsx(27,52): error TS2322: Type 'FC<Props>' is not assignable to type 'ScreenComponentType<ParamListBase, string> | undefined'.
  Type 'FunctionComponent<Props>' is not assignable to type 'FunctionComponent<{}>'.
    Types of parameters 'props' and 'props' are incompatible.
      Type '{}' is not assignable to type 'Props'.
src/navigation/AuthNavigator.tsx(28,50): error TS2322: Type 'FC<Props>' is not assignable to type 'ScreenComponentType<ParamListBase, string> | undefined'.
  Type 'FunctionComponent<Props>' is not assignable to type 'FunctionComponent<{}>'.
    Types of parameters 'props' and 'props' are incompatible.
      Type '{}' is not assignable to type 'Props'.
src/navigation/BusinessNavigator.tsx(41,51): error TS2322: Type 'FC<Props>' is not assignable to type 'ScreenComponentType<ParamListBase, "BusinessDashboard"> | undefined'.
  Type 'FunctionComponent<Props>' is not assignable to type 'FunctionComponent<{}>'.
    Types of parameters 'props' and 'props' are incompatible.
      Type '{}' is not assignable to type 'Props'.
src/navigation/BusinessNavigator.tsx(42,46): error TS2322: Type 'FC<Props>' is not assignable to type 'ScreenComponentType<ParamListBase, "Transactions"> | undefined'.
  Type 'FunctionComponent<Props>' is not assignable to type 'FunctionComponent<{}>'.
    Types of parameters 'props' and 'props' are incompatible.
      Type '{}' is not assignable to type 'Props'.
src/navigation/BusinessNavigator.tsx(45,7): error TS2322: Type 'FC<Props>' is not assignable to type 'ScreenComponentType<ParamListBase, "TransactionDetail"> | undefined'.
  Type 'FunctionComponent<Props>' is not assignable to type 'FunctionComponent<{}>'.
    Types of parameters 'props' and 'props' are incompatible.
      Type '{}' is not assignable to type 'Props'.
src/navigation/BusinessNavigator.tsx(48,41): error TS2322: Type 'FC<Props>' is not assignable to type 'ScreenComponentType<ParamListBase, "Reserve"> | undefined'.
  Type 'FunctionComponent<Props>' is not assignable to type 'FunctionComponent<{}>'.
    Types of parameters 'props' and 'props' are incompatible.
      Type '{}' is not assignable to type 'Props'.
src/navigation/BusinessNavigator.tsx(49,45): error TS2322: Type 'FC<Props>' is not assignable to type 'ScreenComponentType<ParamListBase, string> | undefined'.
  Type 'FunctionComponent<Props>' is not assignable to type 'FunctionComponent<{}>'.
    Types of parameters 'props' and 'props' are incompatible.
      Type '{}' is not assignable to type 'Props'.
src/navigation/BusinessNavigator.tsx(58,7): error TS2322: Type 'FC<Props>' is not assignable to type 'ScreenComponentType<ParamListBase, "AlertDetail"> | undefined'.
  Type 'FunctionComponent<Props>' is not assignable to type 'FunctionComponent<{}>'.
    Types of parameters 'props' and 'props' are incompatible.
      Type '{}' is not assignable to type 'Props'.
src/navigation/BusinessNavigator.tsx(61,41): error TS2322: Type 'FC<Props>' is not assignable to type 'ScreenComponentType<ParamListBase, "Reserve"> | undefined'.
src/navigation/BusinessNavigator.tsx(67,41): error TS2322: Type 'FC<Props>' is not assignable to type 'ScreenComponentType<ParamListBase, "Profile"> | undefined'.
  Type 'FunctionComponent<Props>' is not assignable to type 'FunctionComponent<{}>'.
    Types of parameters 'props' and 'props' are incompatible.
      Type '{}' is not assignable to type 'Props'.
src/navigation/BusinessNavigator.tsx(69,46): error TS2322: Type 'FC<Props>' is not assignable to type 'ScreenComponentType<ParamListBase, "Subscription"> | undefined'.
  Type 'FunctionComponent<Props>' is not assignable to type 'FunctionComponent<{}>'.
    Types of parameters 'props' and 'props' are incompatible.
      Type '{}' is not assignable to type 'Props'.
src/navigation/BusinessNavigator.tsx(70,41): error TS2322: Type 'FC<Props>' is not assignable to type 'ScreenComponentType<ParamListBase, "Reserve"> | undefined'.
src/navigation/BusinessNavigator.tsx(112,9): error TS2322: Type 'FC<Props>' is not assignable to type 'ScreenComponentType<ParamListBase, "Scenarios" | "ScenariosTab"> | undefined'.
  Type 'FunctionComponent<Props>' is not assignable to type 'FunctionComponent<{}>'.
    Types of parameters 'props' and 'props' are incompatible.
      Type '{}' is not assignable to type 'Props'.
src/navigation/MainTabNavigator.tsx(31,56): error TS2322: Type 'FC<Props>' is not assignable to type 'ScreenComponentType<ParamListBase, string> | undefined'.
src/navigation/UserNavigator.tsx(41,46): error TS2322: Type 'FC<Props>' is not assignable to type 'ScreenComponentType<ParamListBase, "Transactions"> | undefined'.
src/navigation/UserNavigator.tsx(44,7): error TS2322: Type 'FC<Props>' is not assignable to type 'ScreenComponentType<ParamListBase, "TransactionDetail"> | undefined'.
src/navigation/UserNavigator.tsx(47,41): error TS2322: Type 'FC<Props>' is not assignable to type 'ScreenComponentType<ParamListBase, "Reserve"> | undefined'.
src/navigation/UserNavigator.tsx(48,45): error TS2322: Type 'FC<Props>' is not assignable to type 'ScreenComponentType<ParamListBase, string> | undefined'.
src/navigation/UserNavigator.tsx(57,7): error TS2322: Type 'FC<Props>' is not assignable to type 'ScreenComponentType<ParamListBase, "AlertDetail"> | undefined'.
src/navigation/UserNavigator.tsx(60,41): error TS2322: Type 'FC<Props>' is not assignable to type 'ScreenComponentType<ParamListBase, "Reserve"> | undefined'.
src/navigation/UserNavigator.tsx(66,45): error TS2322: Type 'FC<Props>' is not assignable to type 'ScreenComponentType<ParamListBase, "BankAccount"> | undefined'.
  Type 'FunctionComponent<Props>' is not assignable to type 'FunctionComponent<{}>'.
    Types of parameters 'props' and 'props' are incompatible.
      Type '{}' is not assignable to type 'Props'.
src/navigation/UserNavigator.tsx(67,45): error TS2322: Type 'FC<Props>' is not assignable to type 'ScreenComponentType<ParamListBase, string> | undefined'.
src/navigation/UserNavigator.tsx(73,41): error TS2322: Type 'FC<Props>' is not assignable to type 'ScreenComponentType<ParamListBase, "Profile"> | undefined'.
src/navigation/UserNavigator.tsx(75,41): error TS2322: Type 'FC<Props>' is not assignable to type 'ScreenComponentType<ParamListBase, "Reserve"> | undefined'.
src/screens/Auth/RegisterScreen.tsx(88,7): error TS2353: Object literal may only specify known properties, and 'companyName' does not exist in type 'RegisterDto'.
src/screens/FlashCredit/FlashCreditScreen.tsx(59,7): error TS2345: Argument of type '{ amount: number; purpose: string; }' is not assignable to parameter of type 'FlashCreditRequest'.
  Property 'accountId' is missing in type '{ amount: number; purpose: string; }' but required in type 'FlashCreditRequest'.
src/screens/Profile/ProfileScreen.tsx(187,13): error TS2322: Type '({ marginTop: 4; } | { borderColor: "#EF4444"; })[]' is not assignable to type 'ViewStyle'.
  Types of property 'filter' are incompatible.
    Type '{ <S extends { marginTop: 4; } | { borderColor: "#EF4444"; }>(predicate: (value: { marginTop: 4; } | { borderColor: "#EF4444"; }, index: number, array: ({ marginTop: 4; } | { borderColor: "#EF4444"; })[]) => value is S, thisArg?: any): S[]; (predicate: (value: { ...; } | { ...; }, index: number, array: ({ ...; } | {...' is not assignable to type 'string | readonly FilterFunction[] | undefined'.
src/screens/Scenario/ScenarioScreen.tsx(35,11): error TS2339: Property 'mutate' does not exist on type '{ runScenario: UseMutateFunction<ScenarioResult, Error, ScenarioRequest, unknown>; isLoading: boolean; result: ScenarioResult | undefined; error: Error | null; reset: () => void; }'.
src/screens/Scenario/ScenarioScreen.tsx(35,32): error TS2339: Property 'data' does not exist on type '{ runScenario: UseMutateFunction<ScenarioResult, Error, ScenarioRequest, unknown>; isLoading: boolean; result: ScenarioResult | undefined; error: Error | null; reset: () => void; }'.
src/screens/Scenario/ScenarioScreen.tsx(35,46): error TS2339: Property 'isPending' does not exist on type '{ runScenario: UseMutateFunction<ScenarioResult, Error, ScenarioRequest, unknown>; isLoading: boolean; result: ScenarioResult | undefined; error: Error | null; reset: () => void; }'.
src/screens/Spending/components/DonutChart.tsx(49,24): error TS2339: Property 'category' does not exist on type 'SpendingCategory'.
src/screens/Spending/components/DonutChart.tsx(84,28): error TS2339: Property 'category' does not exist on type 'SpendingCategory'.
src/screens/Spending/components/DonutChart.tsx(86,53): error TS2339: Property 'category' does not exist on type 'SpendingCategory'.
src/screens/Spending/SpendingScreen.tsx(67,40): error TS2339: Property 'categories' does not exist on type 'SpendingAnalysis'.
src/screens/Spending/SpendingScreen.tsx(67,70): error TS2339: Property 'totalAmount' does not exist on type 'SpendingAnalysis'.
src/screens/Spending/SpendingScreen.tsx(70,15): error TS2551: Property 'aiInsights' does not exist on type 'SpendingAnalysis'. Did you mean 'insights'?
src/screens/Spending/SpendingScreen.tsx(70,34): error TS2551: Property 'aiInsights' does not exist on type 'SpendingAnalysis'. Did you mean 'insights'?
src/screens/Spending/SpendingScreen.tsx(73,19): error TS2551: Property 'aiInsights' does not exist on type 'SpendingAnalysis'. Did you mean 'insights'?
src/screens/Spending/SpendingScreen.tsx(73,35): error TS7006: Parameter 'insight' implicitly has an 'any' type.
src/screens/Spending/SpendingScreen.tsx(73,44): error TS7006: Parameter 'index' implicitly has an 'any' type.
src/screens/Spending/SpendingScreen.tsx(86,15): error TS2339: Property 'topMerchants' does not exist on type 'SpendingAnalysis'.
src/screens/Spending/SpendingScreen.tsx(86,36): error TS2339: Property 'topMerchants' does not exist on type 'SpendingAnalysis'.
src/screens/Spending/SpendingScreen.tsx(89,19): error TS2339: Property 'topMerchants' does not exist on type 'SpendingAnalysis'.
src/screens/Spending/SpendingScreen.tsx(89,37): error TS7006: Parameter 'merchant' implicitly has an 'any' type.
src/screens/Transactions/TransactionsScreen.tsx(122,35): error TS2345: Argument of type '[never, never]' is not assignable to parameter of type 'never'.
