[INFO] Scanning for projects...
[INFO] 
[INFO] -------------------< fr.flowguard:flowguard-backend >-------------------
[INFO] Building flowguard-backend 1.0.0-SNAPSHOT
[INFO]   from pom.xml
[INFO] --------------------------------[ jar ]---------------------------------
[WARNING] The artifact io.quarkus:quarkus-rest-client-jackson:jar:3.8.1 has been relocated to io.quarkus:quarkus-resteasy-client-jackson:jar:3.8.1: io.quarkus:quarkus-rest-client-jackson:3.8.1 was relocated to io.quarkus:quarkus-resteasy-client-jackson:3.8.1. Please update the artifactId of the dependency in your project configuration. For more information about this change, please refer to https://github.com/quarkusio/quarkus/wiki/Migration-Guide-3.7#rest-client
[WARNING] The artifact com.itextpdf:itext7-core:pom:8.0.4 has been relocated to com.itextpdf:itext-core:pom:8.0.4
[INFO] 
[INFO] --- resources:3.3.1:resources (default-resources) @ flowguard-backend ---
[INFO] Copying 24 resources from src\main\resources to target\classes
[INFO] 
[INFO] --- quarkus:3.8.1:generate-code (default) @ flowguard-backend ---
[INFO] 
[INFO] --- compiler:3.13.0:compile (default-compile) @ flowguard-backend ---
[INFO] Recompiling the module because of changed source code.
[INFO] Compiling 163 source files with javac [debug release 21] to target\classes
[INFO] /C:/Users/User/flowguard/backend/src/main/java/com/flowguard/cache/RedisCacheService.java: Some input files use or override a deprecated API.
[INFO] /C:/Users/User/flowguard/backend/src/main/java/com/flowguard/cache/RedisCacheService.java: Recompile with -Xlint:deprecation for details.
[INFO] 
[INFO] --- quarkus:3.8.1:generate-code-tests (default) @ flowguard-backend ---
[INFO] 
[INFO] --- resources:3.3.1:testResources (default-testResources) @ flowguard-backend ---
[INFO] Copying 3 resources from src\test\resources to target\test-classes
[INFO] 
[INFO] --- compiler:3.13.0:testCompile (default-testCompile) @ flowguard-backend ---
[INFO] Recompiling the module because of changed dependency.
[INFO] Compiling 24 source files with javac [debug release 21] to target\test-classes
[INFO] -------------------------------------------------------------
[ERROR] COMPILATION ERROR : 
[INFO] -------------------------------------------------------------
[ERROR] /C:/Users/User/flowguard/backend/src/test/java/com/flowguard/util/TestDataSeeder.java:[73,31] cannot find symbol
  symbol:   method clear()
  location: variable userRepository of type com.flowguard.repository.UserRepository
[INFO] 1 error
[INFO] -------------------------------------------------------------
[INFO] ------------------------------------------------------------------------
[INFO] BUILD FAILURE
[INFO] ------------------------------------------------------------------------
[INFO] Total time:  18.198 s
[INFO] Finished at: 2026-03-19T11:58:20+01:00
[INFO] ------------------------------------------------------------------------
[ERROR] Failed to execute goal org.apache.maven.plugins:maven-compiler-plugin:3.13.0:testCompile (default-testCompile) on project flowguard-backend: Compilation failure
[ERROR] /C:/Users/User/flowguard/backend/src/test/java/com/flowguard/util/TestDataSeeder.java:[73,31] cannot find symbol
[ERROR]   symbol:   method clear()
[ERROR]   location: variable userRepository of type com.flowguard.repository.UserRepository
[ERROR] 
[ERROR] -> [Help 1]
[ERROR] 
[ERROR] To see the full stack trace of the errors, re-run Maven with the -e switch.
[ERROR] Re-run Maven using the -X switch to enable full debug logging.
[ERROR] 
[ERROR] For more information about the errors and possible solutions, please read the following articles:
[ERROR] [Help 1] http://cwiki.apache.org/confluence/display/MAVEN/MojoFailureException
